[2026-05-08T19:25:43.591+0530][0.012s][info][gc,init] CardTable entry size: 512
[2026-05-08T19:25:43.591+0530][0.012s][info][gc     ] Using G1
[2026-05-08T19:25:43.597+0530][0.018s][info][gc,init] Version: 21.0.10+8-LTS-217 (release)
[2026-05-08T19:25:43.597+0530][0.018s][info][gc,init] CPUs: 4 total, 4 available
[2026-05-08T19:25:43.597+0530][0.018s][info][gc,init] Memory: 8191M
[2026-05-08T19:25:43.598+0530][0.018s][info][gc,init] Large Page Support: Disabled
[2026-05-08T19:25:43.598+0530][0.018s][info][gc,init] NUMA Support: Disabled
[2026-05-08T19:25:43.598+0530][0.018s][info][gc,init] Compressed Oops: Enabled (32-bit)
[2026-05-08T19:25:43.598+0530][0.019s][info][gc,init] Heap Region Size: 1M
[2026-05-08T19:25:43.598+0530][0.019s][info][gc,init] Heap Min Capacity: 500M
[2026-05-08T19:25:43.598+0530][0.019s][info][gc,init] Heap Initial Capacity: 500M
[2026-05-08T19:25:43.598+0530][0.019s][info][gc,init] Heap Max Capacity: 500M
[2026-05-08T19:25:43.598+0530][0.019s][info][gc,init] Pre-touch: Disabled
[2026-05-08T19:25:43.598+0530][0.019s][info][gc,init] Parallel Workers: 2
[2026-05-08T19:25:43.598+0530][0.019s][info][gc,init] Concurrent Workers: 1
[2026-05-08T19:25:43.598+0530][0.019s][info][gc,init] Concurrent Refinement Workers: 2
[2026-05-08T19:25:43.598+0530][0.019s][info][gc,init] Periodic GC: Disabled
[2026-05-08T19:25:43.612+0530][0.033s][info][gc,metaspace] CDS archive(s) mapped at: [0x0000023c80000000-0x0000023c80c90000-0x0000023c80c90000), size 13172736, SharedBaseAddress: 0x0000023c80000000, ArchiveRelocationMode: 1.
[2026-05-08T19:25:43.612+0530][0.033s][info][gc,metaspace] Compressed class space mapped at: 0x0000023c81000000-0x0000023cc1000000, reserved size: 1073741824
[2026-05-08T19:25:43.612+0530][0.033s][info][gc,metaspace] Narrow klass base: 0x0000023c80000000, Narrow klass shift: 0, Narrow klass range: 0x100000000
[2026-05-08T19:25:43.743+0530][0.164s][info][gc,start    ] GC(0) Pause Young (Normal) (G1 Evacuation Pause)
[2026-05-08T19:25:43.743+0530][0.164s][info][gc,task     ] GC(0) Using 2 workers of 2 for evacuation
[2026-05-08T19:25:43.781+0530][0.201s][info][gc,phases   ] GC(0)   Pre Evacuate Collection Set: 0.1ms
[2026-05-08T19:25:43.781+0530][0.202s][info][gc,phases   ] GC(0)   Merge Heap Roots: 0.1ms
[2026-05-08T19:25:43.781+0530][0.202s][info][gc,phases   ] GC(0)   Evacuate Collection Set: 36.5ms
[2026-05-08T19:25:43.781+0530][0.202s][info][gc,phases   ] GC(0)   Post Evacuate Collection Set: 0.4ms
[2026-05-08T19:25:43.781+0530][0.202s][info][gc,phases   ] GC(0)   Other: 0.2ms
[2026-05-08T19:25:43.781+0530][0.202s][info][gc,heap     ] GC(0) Eden regions: 25->0(21)
[2026-05-08T19:25:43.781+0530][0.202s][info][gc,heap     ] GC(0) Survivor regions: 0->4(4)
[2026-05-08T19:25:43.781+0530][0.202s][info][gc,heap     ] GC(0) Old regions: 0->8
[2026-05-08T19:25:43.781+0530][0.202s][info][gc,heap     ] GC(0) Humongous regions: 2->2
[2026-05-08T19:25:43.781+0530][0.202s][info][gc,metaspace] GC(0) Metaspace: 171K(384K)->171K(384K) NonClass: 165K(256K)->165K(256K) Class: 6K(128K)->6K(128K)
[2026-05-08T19:25:43.781+0530][0.202s][info][gc          ] GC(0) Pause Young (Normal) (G1 Evacuation Pause) 27M->14M(500M) 37.806ms
[2026-05-08T19:25:43.781+0530][0.202s][info][gc,cpu      ] GC(0) User=0.06s Sys=0.00s Real=0.04s
[2026-05-08T19:25:43.797+0530][0.218s][info][gc,start    ] GC(1) Pause Young (Normal) (G1 Evacuation Pause)
[2026-05-08T19:25:43.797+0530][0.218s][info][gc,task     ] GC(1) Using 2 workers of 2 for evacuation
[2026-05-08T19:25:43.865+0530][0.286s][info][gc,phases   ] GC(1)   Pre Evacuate Collection Set: 0.1ms
[2026-05-08T19:25:43.865+0530][0.286s][info][gc,phases   ] GC(1)   Merge Heap Roots: 0.1ms
[2026-05-08T19:25:43.865+0530][0.286s][info][gc,phases   ] GC(1)   Evacuate Collection Set: 67.1ms
[2026-05-08T19:25:43.865+0530][0.286s][info][gc,phases   ] GC(1)   Post Evacuate Collection Set: 0.4ms
[2026-05-08T19:25:43.865+0530][0.286s][info][gc,phases   ] GC(1)   Other: 0.1ms
[2026-05-08T19:25:43.865+0530][0.286s][info][gc,heap     ] GC(1) Eden regions: 21->0(21)
[2026-05-08T19:25:43.865+0530][0.286s][info][gc,heap     ] GC(1) Survivor regions: 4->4(4)
[2026-05-08T19:25:43.865+0530][0.286s][info][gc,heap     ] GC(1) Old regions: 8->30
[2026-05-08T19:25:43.865+0530][0.286s][info][gc,heap     ] GC(1) Humongous regions: 7->7
[2026-05-08T19:25:43.865+0530][0.286s][info][gc,metaspace] GC(1) Metaspace: 171K(384K)->171K(384K) NonClass: 165K(256K)->165K(256K) Class: 6K(128K)->6K(128K)
[2026-05-08T19:25:43.866+0530][0.286s][info][gc          ] GC(1) Pause Young (Normal) (G1 Evacuation Pause) 40M->40M(500M) 68.265ms
[2026-05-08T19:25:43.866+0530][0.286s][info][gc,cpu      ] GC(1) User=0.14s Sys=0.02s Real=0.07s
[2026-05-08T19:25:43.880+0530][0.300s][info][gc,start    ] GC(2) Pause Young (Normal) (G1 Evacuation Pause)
[2026-05-08T19:25:43.880+0530][0.300s][info][gc,task     ] GC(2) Using 2 workers of 2 for evacuation
[2026-05-08T19:25:43.941+0530][0.362s][info][gc,phases   ] GC(2)   Pre Evacuate Collection Set: 0.2ms
[2026-05-08T19:25:43.942+0530][0.362s][info][gc,phases   ] GC(2)   Merge Heap Roots: 0.1ms
[2026-05-08T19:25:43.942+0530][0.363s][info][gc,phases   ] GC(2)   Evacuate Collection Set: 60.9ms
[2026-05-08T19:25:43.942+0530][0.363s][info][gc,phases   ] GC(2)   Post Evacuate Collection Set: 0.5ms
[2026-05-08T19:25:43.942+0530][0.363s][info][gc,phases   ] GC(2)   Other: 0.1ms
[2026-05-08T19:25:43.942+0530][0.363s][info][gc,heap     ] GC(2) Eden regions: 21->0(21)
[2026-05-08T19:25:43.942+0530][0.363s][info][gc,heap     ] GC(2) Survivor regions: 4->4(4)
[2026-05-08T19:25:43.942+0530][0.363s][info][gc,heap     ] GC(2) Old regions: 30->51
[2026-05-08T19:25:43.942+0530][0.363s][info][gc,heap     ] GC(2) Humongous regions: 11->11
[2026-05-08T19:25:43.942+0530][0.363s][info][gc,metaspace] GC(2) Metaspace: 171K(384K)->171K(384K) NonClass: 165K(256K)->165K(256K) Class: 6K(128K)->6K(128K)
[2026-05-08T19:25:43.942+0530][0.363s][info][gc          ] GC(2) Pause Young (Normal) (G1 Evacuation Pause) 65M->66M(500M) 62.652ms
[2026-05-08T19:25:43.942+0530][0.363s][info][gc,cpu      ] GC(2) User=0.11s Sys=0.02s Real=0.06s
[2026-05-08T19:25:43.958+0530][0.379s][info][gc,start    ] GC(3) Pause Young (Normal) (G1 Evacuation Pause)
[2026-05-08T19:25:43.958+0530][0.379s][info][gc,task     ] GC(3) Using 2 workers of 2 for evacuation
[2026-05-08T19:25:44.025+0530][0.445s][info][gc,phases   ] GC(3)   Pre Evacuate Collection Set: 0.3ms
[2026-05-08T19:25:44.025+0530][0.446s][info][gc,phases   ] GC(3)   Merge Heap Roots: 0.2ms
[2026-05-08T19:25:44.025+0530][0.446s][info][gc,phases   ] GC(3)   Evacuate Collection Set: 65.5ms
[2026-05-08T19:25:44.025+0530][0.446s][info][gc,phases   ] GC(3)   Post Evacuate Collection Set: 0.3ms
[2026-05-08T19:25:44.025+0530][0.446s][info][gc,phases   ] GC(3)   Other: 0.1ms
[2026-05-08T19:25:44.025+0530][0.446s][info][gc,heap     ] GC(3) Eden regions: 21->0(21)
[2026-05-08T19:25:44.025+0530][0.446s][info][gc,heap     ] GC(3) Survivor regions: 4->4(4)
[2026-05-08T19:25:44.025+0530][0.446s][info][gc,heap     ] GC(3) Old regions: 51->72
[2026-05-08T19:25:44.025+0530][0.446s][info][gc,heap     ] GC(3) Humongous regions: 16->16
[2026-05-08T19:25:44.025+0530][0.446s][info][gc,metaspace] GC(3) Metaspace: 171K(384K)->171K(384K) NonClass: 165K(256K)->165K(256K) Class: 6K(128K)->6K(128K)
[2026-05-08T19:25:44.025+0530][0.446s][info][gc          ] GC(3) Pause Young (Normal) (G1 Evacuation Pause) 92M->92M(500M) 66.877ms
[2026-05-08T19:25:44.025+0530][0.446s][info][gc,cpu      ] GC(3) User=0.12s Sys=0.00s Real=0.07s
[2026-05-08T19:25:44.048+0530][0.469s][info][gc,start    ] GC(4) Pause Young (Normal) (G1 Evacuation Pause)
[2026-05-08T19:25:44.048+0530][0.469s][info][gc,task     ] GC(4) Using 2 workers of 2 for evacuation
[2026-05-08T19:25:44.112+0530][0.533s][info][gc,phases   ] GC(4)   Pre Evacuate Collection Set: 0.2ms
[2026-05-08T19:25:44.112+0530][0.533s][info][gc,phases   ] GC(4)   Merge Heap Roots: 0.2ms
[2026-05-08T19:25:44.112+0530][0.533s][info][gc,phases   ] GC(4)   Evacuate Collection Set: 62.4ms
[2026-05-08T19:25:44.112+0530][0.533s][info][gc,phases   ] GC(4)   Post Evacuate Collection Set: 0.4ms
[2026-05-08T19:25:44.112+0530][0.533s][info][gc,phases   ] GC(4)   Other: 0.1ms
[2026-05-08T19:25:44.112+0530][0.533s][info][gc,heap     ] GC(4) Eden regions: 21->0(21)
[2026-05-08T19:25:44.112+0530][0.533s][info][gc,heap     ] GC(4) Survivor regions: 4->4(4)
[2026-05-08T19:25:44.112+0530][0.533s][info][gc,heap     ] GC(4) Old regions: 72->94
[2026-05-08T19:25:44.112+0530][0.533s][info][gc,heap     ] GC(4) Humongous regions: 23->23
[2026-05-08T19:25:44.112+0530][0.533s][info][gc,metaspace] GC(4) Metaspace: 171K(384K)->171K(384K) NonClass: 165K(256K)->165K(256K) Class: 6K(128K)->6K(128K)
[2026-05-08T19:25:44.112+0530][0.533s][info][gc          ] GC(4) Pause Young (Normal) (G1 Evacuation Pause) 120M->120M(500M) 63.782ms
[2026-05-08T19:25:44.112+0530][0.533s][info][gc,cpu      ] GC(4) User=0.08s Sys=0.03s Real=0.06s
[2026-05-08T19:25:44.128+0530][0.549s][info][gc,start    ] GC(5) Pause Young (Normal) (G1 Evacuation Pause)
[2026-05-08T19:25:44.129+0530][0.549s][info][gc,task     ] GC(5) Using 2 workers of 2 for evacuation
[2026-05-08T19:25:44.182+0530][0.603s][info][gc,phases   ] GC(5)   Pre Evacuate Collection Set: 0.2ms
[2026-05-08T19:25:44.182+0530][0.603s][info][gc,phases   ] GC(5)   Merge Heap Roots: 0.1ms
[2026-05-08T19:25:44.182+0530][0.603s][info][gc,phases   ] GC(5)   Evacuate Collection Set: 53.1ms
[2026-05-08T19:25:44.182+0530][0.603s][info][gc,phases   ] GC(5)   Post Evacuate Collection Set: 0.3ms
[2026-05-08T19:25:44.183+0530][0.603s][info][gc,phases   ] GC(5)   Other: 0.1ms
[2026-05-08T19:25:44.183+0530][0.603s][info][gc,heap     ] GC(5) Eden regions: 21->0(21)
[2026-05-08T19:25:44.183+0530][0.603s][info][gc,heap     ] GC(5) Survivor regions: 4->4(4)
[2026-05-08T19:25:44.183+0530][0.603s][info][gc,heap     ] GC(5) Old regions: 94->115
[2026-05-08T19:25:44.183+0530][0.603s][info][gc,heap     ] GC(5) Humongous regions: 23->23
[2026-05-08T19:25:44.183+0530][0.603s][info][gc,metaspace] GC(5) Metaspace: 171K(384K)->171K(384K) NonClass: 165K(256K)->165K(256K) Class: 6K(128K)->6K(128K)
[2026-05-08T19:25:44.183+0530][0.604s][info][gc          ] GC(5) Pause Young (Normal) (G1 Evacuation Pause) 141M->142M(500M) 54.265ms
[2026-05-08T19:25:44.183+0530][0.604s][info][gc,cpu      ] GC(5) User=0.09s Sys=0.00s Real=0.06s
[2026-05-08T19:25:44.217+0530][0.638s][info][gc,start    ] GC(6) Pause Young (Normal) (G1 Evacuation Pause)
[2026-05-08T19:25:44.217+0530][0.638s][info][gc,task     ] GC(6) Using 2 workers of 2 for evacuation
[2026-05-08T19:25:44.289+0530][0.709s][info][gc,phases   ] GC(6)   Pre Evacuate Collection Set: 0.2ms
[2026-05-08T19:25:44.289+0530][0.709s][info][gc,phases   ] GC(6)   Merge Heap Roots: 0.3ms
[2026-05-08T19:25:44.289+0530][0.709s][info][gc,phases   ] GC(6)   Evacuate Collection Set: 70.3ms
[2026-05-08T19:25:44.289+0530][0.710s][info][gc,phases   ] GC(6)   Post Evacuate Collection Set: 0.4ms
[2026-05-08T19:25:44.289+0530][0.710s][info][gc,phases   ] GC(6)   Other: 0.1ms
[2026-05-08T19:25:44.289+0530][0.710s][info][gc,heap     ] GC(6) Eden regions: 21->0(21)
[2026-05-08T19:25:44.289+0530][0.710s][info][gc,heap     ] GC(6) Survivor regions: 4->4(4)
[2026-05-08T19:25:44.289+0530][0.710s][info][gc,heap     ] GC(6) Old regions: 115->137
[2026-05-08T19:25:44.289+0530][0.710s][info][gc,heap     ] GC(6) Humongous regions: 34->34
[2026-05-08T19:25:44.289+0530][0.710s][info][gc,metaspace] GC(6) Metaspace: 171K(384K)->171K(384K) NonClass: 165K(256K)->165K(256K) Class: 6K(128K)->6K(128K)
[2026-05-08T19:25:44.289+0530][0.710s][info][gc          ] GC(6) Pause Young (Normal) (G1 Evacuation Pause) 174M->174M(500M) 71.935ms
[2026-05-08T19:25:44.289+0530][0.710s][info][gc,cpu      ] GC(6) User=0.14s Sys=0.02s Real=0.07s
[2026-05-08T19:25:44.302+0530][0.723s][info][gc,start    ] GC(7) Pause Young (Normal) (G1 Evacuation Pause)
[2026-05-08T19:25:44.302+0530][0.723s][info][gc,task     ] GC(7) Using 2 workers of 2 for evacuation
[2026-05-08T19:25:44.354+0530][0.775s][info][gc,phases   ] GC(7)   Pre Evacuate Collection Set: 0.2ms
[2026-05-08T19:25:44.354+0530][0.775s][info][gc,phases   ] GC(7)   Merge Heap Roots: 0.1ms
[2026-05-08T19:25:44.354+0530][0.775s][info][gc,phases   ] GC(7)   Evacuate Collection Set: 51.4ms
[2026-05-08T19:25:44.354+0530][0.775s][info][gc,phases   ] GC(7)   Post Evacuate Collection Set: 0.2ms
[2026-05-08T19:25:44.354+0530][0.775s][info][gc,phases   ] GC(7)   Other: 0.1ms
[2026-05-08T19:25:44.354+0530][0.775s][info][gc,heap     ] GC(7) Eden regions: 21->0(21)
[2026-05-08T19:25:44.354+0530][0.775s][info][gc,heap     ] GC(7) Survivor regions: 4->4(4)
[2026-05-08T19:25:44.354+0530][0.775s][info][gc,heap     ] GC(7) Old regions: 137->158
[2026-05-08T19:25:44.354+0530][0.775s][info][gc,heap     ] GC(7) Humongous regions: 34->34
[2026-05-08T19:25:44.354+0530][0.775s][info][gc,metaspace] GC(7) Metaspace: 171K(384K)->171K(384K) NonClass: 165K(256K)->165K(256K) Class: 6K(128K)->6K(128K)
[2026-05-08T19:25:44.355+0530][0.775s][info][gc          ] GC(7) Pause Young (Normal) (G1 Evacuation Pause) 195M->196M(500M) 52.517ms
[2026-05-08T19:25:44.355+0530][0.775s][info][gc,cpu      ] GC(7) User=0.05s Sys=0.05s Real=0.05s
[2026-05-08T19:25:44.369+0530][0.790s][info][gc,start    ] GC(8) Pause Young (Normal) (G1 Evacuation Pause)
[2026-05-08T19:25:44.369+0530][0.790s][info][gc,task     ] GC(8) Using 2 workers of 2 for evacuation
[2026-05-08T19:25:44.423+0530][0.844s][info][gc,phases   ] GC(8)   Pre Evacuate Collection Set: 0.2ms
[2026-05-08T19:25:44.423+0530][0.844s][info][gc,phases   ] GC(8)   Merge Heap Roots: 0.1ms
[2026-05-08T19:25:44.423+0530][0.844s][info][gc,phases   ] GC(8)   Evacuate Collection Set: 53.5ms
[2026-05-08T19:25:44.423+0530][0.844s][info][gc,phases   ] GC(8)   Post Evacuate Collection Set: 0.3ms
[2026-05-08T19:25:44.423+0530][0.844s][info][gc,phases   ] GC(8)   Other: 0.1ms
[2026-05-08T19:25:44.423+0530][0.844s][info][gc,heap     ] GC(8) Eden regions: 21->0(24)
[2026-05-08T19:25:44.423+0530][0.844s][info][gc,heap     ] GC(8) Survivor regions: 4->4(4)
[2026-05-08T19:25:44.423+0530][0.844s][info][gc,heap     ] GC(8) Old regions: 158->180
[2026-05-08T19:25:44.423+0530][0.844s][info][gc,heap     ] GC(8) Humongous regions: 34->34
[2026-05-08T19:25:44.423+0530][0.844s][info][gc,metaspace] GC(8) Metaspace: 171K(384K)->171K(384K) NonClass: 165K(256K)->165K(256K) Class: 6K(128K)->6K(128K)
[2026-05-08T19:25:44.423+0530][0.844s][info][gc          ] GC(8) Pause Young (Normal) (G1 Evacuation Pause) 217M->217M(500M) 54.568ms
[2026-05-08T19:25:44.423+0530][0.844s][info][gc,cpu      ] GC(8) User=0.08s Sys=0.02s Real=0.05s
[2026-05-08T19:25:44.435+0530][0.856s][info][gc,start    ] GC(9) Pause Young (Concurrent Start) (G1 Humongous Allocation)
[2026-05-08T19:25:44.435+0530][0.856s][info][gc,task     ] GC(9) Using 2 workers of 2 for evacuation
[2026-05-08T19:25:44.458+0530][0.879s][info][gc,phases   ] GC(9)   Pre Evacuate Collection Set: 0.2ms
[2026-05-08T19:25:44.458+0530][0.879s][info][gc,phases   ] GC(9)   Merge Heap Roots: 0.1ms
[2026-05-08T19:25:44.458+0530][0.879s][info][gc,phases   ] GC(9)   Evacuate Collection Set: 22.2ms
[2026-05-08T19:25:44.458+0530][0.879s][info][gc,phases   ] GC(9)   Post Evacuate Collection Set: 0.4ms
[2026-05-08T19:25:44.458+0530][0.879s][info][gc,phases   ] GC(9)   Other: 0.2ms
[2026-05-08T19:25:44.458+0530][0.879s][info][gc,heap     ] GC(9) Eden regions: 9->0(30)
[2026-05-08T19:25:44.458+0530][0.879s][info][gc,heap     ] GC(9) Survivor regions: 4->4(4)
[2026-05-08T19:25:44.458+0530][0.879s][info][gc,heap     ] GC(9) Old regions: 180->189
[2026-05-08T19:25:44.458+0530][0.879s][info][gc,heap     ] GC(9) Humongous regions: 34->34
[2026-05-08T19:25:44.458+0530][0.879s][info][gc,metaspace] GC(9) Metaspace: 171K(384K)->171K(384K) NonClass: 165K(256K)->165K(256K) Class: 6K(128K)->6K(128K)
[2026-05-08T19:25:44.459+0530][0.879s][info][gc          ] GC(9) Pause Young (Concurrent Start) (G1 Humongous Allocation) 226M->227M(500M) 23.846ms
[2026-05-08T19:25:44.459+0530][0.879s][info][gc,cpu      ] GC(9) User=0.06s Sys=0.00s Real=0.02s
[2026-05-08T19:25:44.459+0530][0.880s][info][gc          ] GC(10) Concurrent Undo Cycle
[2026-05-08T19:25:44.459+0530][0.880s][info][gc,marking  ] GC(10) Concurrent Clear Claimed Marks
[2026-05-08T19:25:44.459+0530][0.880s][info][gc,marking  ] GC(10) Concurrent Clear Claimed Marks 0.080ms
[2026-05-08T19:25:44.459+0530][0.880s][info][gc,marking  ] GC(10) Concurrent Cleanup for Next Mark
[2026-05-08T19:25:44.459+0530][0.880s][info][gc,marking  ] GC(10) Concurrent Cleanup for Next Mark 0.228ms
[2026-05-08T19:25:44.460+0530][0.880s][info][gc          ] GC(10) Concurrent Undo Cycle 0.883ms
[2026-05-08T19:25:44.498+0530][0.919s][info][gc,start    ] GC(11) Pause Young (Normal) (G1 Evacuation Pause)
[2026-05-08T19:25:44.499+0530][0.920s][info][gc,task     ] GC(11) Using 2 workers of 2 for evacuation
[2026-05-08T19:25:44.587+0530][1.008s][info][gc,phases   ] GC(11)   Pre Evacuate Collection Set: 0.2ms
[2026-05-08T19:25:44.587+0530][1.008s][info][gc,phases   ] GC(11)   Merge Heap Roots: 0.3ms
[2026-05-08T19:25:44.587+0530][1.008s][info][gc,phases   ] GC(11)   Evacuate Collection Set: 87.3ms
[2026-05-08T19:25:44.587+0530][1.008s][info][gc,phases   ] GC(11)   Post Evacuate Collection Set: 0.4ms
[2026-05-08T19:25:44.587+0530][1.008s][info][gc,phases   ] GC(11)   Other: 0.1ms
[2026-05-08T19:25:44.587+0530][1.008s][info][gc,heap     ] GC(11) Eden regions: 32->0(32)
[2026-05-08T19:25:44.587+0530][1.008s][info][gc,heap     ] GC(11) Survivor regions: 4->5(5)
[2026-05-08T19:25:44.587+0530][1.008s][info][gc,heap     ] GC(11) Old regions: 189->221
[2026-05-08T19:25:44.588+0530][1.008s][info][gc,heap     ] GC(11) Humongous regions: 50->50
[2026-05-08T19:25:44.588+0530][1.008s][info][gc,metaspace] GC(11) Metaspace: 171K(384K)->171K(384K) NonClass: 165K(256K)->165K(256K) Class: 6K(128K)->6K(128K)
[2026-05-08T19:25:44.588+0530][1.009s][info][gc          ] GC(11) Pause Young (Normal) (G1 Evacuation Pause) 275M->275M(500M) 89.253ms
[2026-05-08T19:25:44.588+0530][1.009s][info][gc,cpu      ] GC(11) User=0.16s Sys=0.03s Real=0.09s
[2026-05-08T19:25:44.610+0530][1.030s][info][gc,start    ] GC(12) Pause Young (Concurrent Start) (G1 Evacuation Pause)
[2026-05-08T19:25:44.610+0530][1.031s][info][gc,task     ] GC(12) Using 2 workers of 2 for evacuation
[2026-05-08T19:25:44.697+0530][1.118s][info][gc,phases   ] GC(12)   Pre Evacuate Collection Set: 0.3ms
[2026-05-08T19:25:44.697+0530][1.118s][info][gc,phases   ] GC(12)   Merge Heap Roots: 0.1ms
[2026-05-08T19:25:44.697+0530][1.118s][info][gc,phases   ] GC(12)   Evacuate Collection Set: 85.8ms
[2026-05-08T19:25:44.697+0530][1.118s][info][gc,phases   ] GC(12)   Post Evacuate Collection Set: 0.5ms
[2026-05-08T19:25:44.697+0530][1.118s][info][gc,phases   ] GC(12)   Other: 0.3ms
[2026-05-08T19:25:44.697+0530][1.118s][info][gc,heap     ] GC(12) Eden regions: 37->0(38)
[2026-05-08T19:25:44.697+0530][1.118s][info][gc,heap     ] GC(12) Survivor regions: 5->6(6)
[2026-05-08T19:25:44.697+0530][1.118s][info][gc,heap     ] GC(12) Old regions: 221->257
[2026-05-08T19:25:44.697+0530][1.118s][info][gc,heap     ] GC(12) Humongous regions: 50->50
[2026-05-08T19:25:44.697+0530][1.118s][info][gc,metaspace] GC(12) Metaspace: 171K(384K)->171K(384K) NonClass: 165K(256K)->165K(256K) Class: 6K(128K)->6K(128K)
[2026-05-08T19:25:44.697+0530][1.118s][info][gc          ] GC(12) Pause Young (Concurrent Start) (G1 Evacuation Pause) 312M->313M(500M) 87.871ms
[2026-05-08T19:25:44.698+0530][1.118s][info][gc          ] GC(13) Concurrent Mark Cycle
[2026-05-08T19:25:44.698+0530][1.118s][info][gc,cpu      ] GC(12) User=0.19s Sys=0.00s Real=0.09s
[2026-05-08T19:25:44.698+0530][1.119s][info][gc,marking  ] GC(13) Concurrent Scan Root Regions
[2026-05-08T19:25:44.749+0530][1.169s][info][gc,marking  ] GC(13) Concurrent Scan Root Regions 50.897ms
[2026-05-08T19:25:44.749+0530][1.170s][info][gc,marking  ] GC(13) Concurrent Mark
[2026-05-08T19:25:44.749+0530][1.170s][info][gc,marking  ] GC(13) Concurrent Mark From Roots
[2026-05-08T19:25:44.749+0530][1.170s][info][gc,task     ] GC(13) Using 1 workers of 1 for marking
[2026-05-08T19:25:44.751+0530][1.172s][info][gc,start    ] GC(14) Pause Young (Normal) (G1 Evacuation Pause)
[2026-05-08T19:25:44.751+0530][1.172s][info][gc,task     ] GC(14) Using 2 workers of 2 for evacuation
[2026-05-08T19:25:44.901+0530][1.322s][info][gc,phases   ] GC(14)   Pre Evacuate Collection Set: 0.1ms
[2026-05-08T19:25:44.901+0530][1.322s][info][gc,phases   ] GC(14)   Merge Heap Roots: 0.3ms
[2026-05-08T19:25:44.901+0530][1.322s][info][gc,phases   ] GC(14)   Evacuate Collection Set: 148.7ms
[2026-05-08T19:25:44.901+0530][1.322s][info][gc,phases   ] GC(14)   Post Evacuate Collection Set: 0.3ms
[2026-05-08T19:25:44.901+0530][1.322s][info][gc,phases   ] GC(14)   Other: 0.1ms
[2026-05-08T19:25:44.901+0530][1.322s][info][gc,heap     ] GC(14) Eden regions: 38->0(35)
[2026-05-08T19:25:44.901+0530][1.322s][info][gc,heap     ] GC(14) Survivor regions: 6->6(6)
[2026-05-08T19:25:44.901+0530][1.322s][info][gc,heap     ] GC(14) Old regions: 257->296
[2026-05-08T19:25:44.901+0530][1.322s][info][gc,heap     ] GC(14) Humongous regions: 74->74
[2026-05-08T19:25:44.901+0530][1.322s][info][gc,metaspace] GC(14) Metaspace: 171K(384K)->171K(384K) NonClass: 165K(256K)->165K(256K) Class: 6K(128K)->6K(128K)
[2026-05-08T19:25:44.901+0530][1.322s][info][gc          ] GC(14) Pause Young (Normal) (G1 Evacuation Pause) 375M->375M(500M) 150.017ms
[2026-05-08T19:25:44.901+0530][1.322s][info][gc,cpu      ] GC(14) User=0.31s Sys=0.00s Real=0.15s
[2026-05-08T19:25:44.904+0530][1.324s][info][gc,marking  ] GC(13) Concurrent Mark From Roots 154.884ms
[2026-05-08T19:25:44.904+0530][1.325s][info][gc,marking  ] GC(13) Concurrent Preclean
[2026-05-08T19:25:44.904+0530][1.325s][info][gc,marking  ] GC(13) Concurrent Preclean 0.026ms
[2026-05-08T19:25:44.904+0530][1.325s][info][gc,start    ] GC(13) Pause Remark
[2026-05-08T19:25:45.154+0530][1.575s][info][gc,mmu      ] GC(13) MMU target violated: 201.0ms (200.0ms/201.0ms)
[2026-05-08T19:25:45.154+0530][1.575s][info][gc          ] GC(13) Pause Remark 379M->345M(500M) 249.896ms
[2026-05-08T19:25:45.154+0530][1.575s][info][gc,cpu      ] GC(13) User=0.50s Sys=0.00s Real=0.25s
[2026-05-08T19:25:45.154+0530][1.575s][info][gc,marking  ] GC(13) Concurrent Mark 405.483ms
[2026-05-08T19:25:45.154+0530][1.575s][info][gc,marking  ] GC(13) Concurrent Rebuild Remembered Sets and Scrub Regions
[2026-05-08T19:25:45.173+0530][1.594s][info][gc,start    ] GC(15) Pause Young (Normal) (G1 Evacuation Pause)
[2026-05-08T19:25:45.173+0530][1.594s][info][gc,task     ] GC(15) Using 2 workers of 2 for evacuation
[2026-05-08T19:25:45.257+0530][1.678s][info][gc,phases   ] GC(15)   Pre Evacuate Collection Set: 0.2ms
[2026-05-08T19:25:45.257+0530][1.678s][info][gc,phases   ] GC(15)   Merge Heap Roots: 0.1ms
[2026-05-08T19:25:45.257+0530][1.678s][info][gc,phases   ] GC(15)   Evacuate Collection Set: 83.2ms
[2026-05-08T19:25:45.258+0530][1.678s][info][gc,phases   ] GC(15)   Post Evacuate Collection Set: 0.4ms
[2026-05-08T19:25:45.258+0530][1.678s][info][gc,phases   ] GC(15)   Other: 0.1ms
[2026-05-08T19:25:45.258+0530][1.679s][info][gc,heap     ] GC(15) Eden regions: 38->0(36)
[2026-05-08T19:25:45.258+0530][1.679s][info][gc,heap     ] GC(15) Survivor regions: 6->6(6)
[2026-05-08T19:25:45.258+0530][1.679s][info][gc,heap     ] GC(15) Old regions: 296->334
[2026-05-08T19:25:45.258+0530][1.679s][info][gc,heap     ] GC(15) Humongous regions: 40->40
[2026-05-08T19:25:45.258+0530][1.679s][info][gc,metaspace] GC(15) Metaspace: 171K(384K)->171K(384K) NonClass: 165K(256K)->165K(256K) Class: 6K(128K)->6K(128K)
[2026-05-08T19:25:45.258+0530][1.679s][info][gc          ] GC(15) Pause Young (Normal) (G1 Evacuation Pause) 379M->380M(500M) 85.023ms
[2026-05-08T19:25:45.258+0530][1.679s][info][gc,cpu      ] GC(15) User=0.19s Sys=0.00s Real=0.08s
[2026-05-08T19:25:45.671+0530][2.092s][info][gc,marking  ] GC(13) Concurrent Rebuild Remembered Sets and Scrub Regions 516.352ms
[2026-05-08T19:25:45.671+0530][2.092s][info][gc,start    ] GC(13) Pause Cleanup
[2026-05-08T19:25:45.671+0530][2.092s][info][gc          ] GC(13) Pause Cleanup 391M->391M(500M) 0.378ms
[2026-05-08T19:25:45.671+0530][2.092s][info][gc,cpu      ] GC(13) User=0.00s Sys=0.00s Real=0.00s
[2026-05-08T19:25:45.671+0530][2.092s][info][gc,marking  ] GC(13) Concurrent Clear Claimed Marks
[2026-05-08T19:25:45.671+0530][2.092s][info][gc,marking  ] GC(13) Concurrent Clear Claimed Marks 0.036ms
[2026-05-08T19:25:45.671+0530][2.092s][info][gc,marking  ] GC(13) Concurrent Cleanup for Next Mark
[2026-05-08T19:25:45.676+0530][2.097s][info][gc,marking  ] GC(13) Concurrent Cleanup for Next Mark 4.562ms
[2026-05-08T19:25:45.676+0530][2.097s][info][gc          ] GC(13) Concurrent Mark Cycle 978.498ms
[2026-05-08T19:25:47.275+0530][3.696s][info][gc,start    ] GC(16) Pause Full (System.gc())
[2026-05-08T19:25:47.275+0530][3.696s][info][gc,task     ] GC(16) Using 2 workers of 2 for full compaction
[2026-05-08T19:25:47.275+0530][3.697s][info][gc,phases,start] GC(16) Phase 1: Mark live objects
[2026-05-08T19:25:47.278+0530][3.699s][info][gc,phases      ] GC(16) Phase 1: Mark live objects 2.813ms
[2026-05-08T19:25:47.278+0530][3.700s][info][gc,phases,start] GC(16) Phase 2: Prepare compaction
[2026-05-08T19:25:47.281+0530][3.702s][info][gc,phases      ] GC(16) Phase 2: Prepare compaction 1.961ms
[2026-05-08T19:25:47.281+0530][3.702s][info][gc,phases,start] GC(16) Phase 3: Adjust pointers
[2026-05-08T19:25:47.282+0530][3.703s][info][gc,phases      ] GC(16) Phase 3: Adjust pointers 1.585ms
[2026-05-08T19:25:47.282+0530][3.703s][info][gc,phases,start] GC(16) Phase 4: Compact heap
[2026-05-08T19:25:47.283+0530][3.704s][info][gc,phases      ] GC(16) Phase 4: Compact heap 1.070ms
[2026-05-08T19:25:47.283+0530][3.704s][info][gc,phases,start] GC(16) Phase 5: Reset Metadata
[2026-05-08T19:25:47.283+0530][3.705s][info][gc,phases      ] GC(16) Phase 5: Reset Metadata 0.362ms
[2026-05-08T19:25:47.284+0530][3.706s][info][gc,heap        ] GC(16) Eden regions: 11->0(49)
[2026-05-08T19:25:47.285+0530][3.706s][info][gc,heap        ] GC(16) Survivor regions: 6->0(6)
[2026-05-08T19:25:47.285+0530][3.706s][info][gc,heap        ] GC(16) Old regions: 334->2
[2026-05-08T19:25:47.285+0530][3.706s][info][gc,heap        ] GC(16) Humongous regions: 40->0
[2026-05-08T19:25:47.285+0530][3.706s][info][gc,metaspace   ] GC(16) Metaspace: 180K(384K)->180K(384K) NonClass: 172K(256K)->172K(256K) Class: 8K(128K)->8K(128K)
[2026-05-08T19:25:47.285+0530][3.706s][info][gc             ] GC(16) Pause Full (System.gc()) 391M->0M(500M) 9.950ms
[2026-05-08T19:25:47.285+0530][3.706s][info][gc,cpu         ] GC(16) User=0.02s Sys=0.00s Real=0.01s
[2026-05-08T19:25:59.298+0530][15.719s][info][gc,heap,exit   ] Heap
[2026-05-08T19:25:59.298+0530][15.719s][info][gc,heap,exit   ]  garbage-first heap   total 512000K, used 1527K [0x00000000e0c00000, 0x0000000100000000)
[2026-05-08T19:25:59.298+0530][15.719s][info][gc,heap,exit   ]   region size 1024K, 1 young (1024K), 0 survivors (0K)
[2026-05-08T19:25:59.298+0530][15.719s][info][gc,heap,exit   ]  Metaspace       used 180K, committed 384K, reserved 1114112K
[2026-05-08T19:25:59.298+0530][15.719s][info][gc,heap,exit   ]   class space    used 8K, committed 128K, reserved 1048576K
